// Jest Snapshot v1, https://goo.gl/fbAQLP

exports[`elm-asset-webpack-loader throws an error for single \`require:\` without path 1`] = `"Found single \`require:\` without file path. Requiring assets works only with static strings and the keyword can't be concatenated or extracted into a function."`;
